03-25 19:02:11.036  2143  2165 W ResourceType: No package identifier when getting value for resource number 0x00000000
03-25 19:02:11.036  2143  2165 W ResourceType: No package identifier when getting value for resource number 0x00000000
03-25 19:02:11.036  2143  2165 W ResourceType: No package identifier when getting value for resource number 0x00000000
03-25 19:02:11.040  2143  2165 W ResourceType: No package identifier when getting value for resource number 0x00000000
03-25 19:02:11.040  2143  2165 W ResourceType: No package identifier when getting value for resource number 0x00000000
03-25 19:02:11.040  2143  2165 W ResourceType: No package identifier when getting value for resource number 0x00000000
03-25 19:02:11.040  2143  2165 W ResourceType: No package identifier when getting value for resource number 0x00000000
03-25 19:02:11.041  2143  2143 D MobileQQ: dispatchAE S onAccountChanged
03-25 19:02:11.043  2143  2165 D mqq     : doInit finished
03-25 19:02:11.068  2143  2162 I upload2: ServiceImpl: init! ms:1 oldInitialization:false
03-25 19:02:11.106  2143  2188 E art     : No implementation found for int oicq.wlogin_sdk.tools.EcdhCrypt.GenECDHKeyEx(java.lang.String, java.lang.String, java.lang.String) (tried Java_oicq_wlogin_1sdk_tools_EcdhCrypt_GenECDHKeyEx and Java_oicq_wlogin_1sdk_tools_EcdhCrypt_GenECDHKeyEx__Ljava_lang_String_2Ljava_lang_String_2Ljava_lang_String_2)
03-25 19:02:11.128  2143  2162 I VIDEO_LOG/QZoneVideoLoader: configVideoSDK
03-25 19:02:11.167  2143  2188 D TicketManager: set alter tickets for *6045
03-25 19:02:11.193  2143  2162 I VIDEO_LOG/VideoProxy: cache provider is local 
03-25 19:02:11.193  2143  2162 I VIDEO_LOG/VideoProxy: cache dir is:/storage/emulated/0/Android/data/com.tencent.mobileqq/qzone/video_cache/local
03-25 19:02:11.197  4611  4767 I XiaomiFirewall: firewall pkgName:com.tencent.mobileqq, result:0x0
03-25 19:02:11.199  2143  2152 I art     : Background sticky concurrent mark sweep GC freed 51341(6MB) AllocSpace objects, 16(320KB) LOS objects, 28% free, 16MB/22MB, paused 10.857ms total 54.408ms
03-25 19:02:11.201  2143  2162 I VIDEO_LOG/VideoProxy: proxy start success
03-25 19:02:11.209  2143  2162 D @httpproxy_test: setUtilsObject
03-25 19:02:11.209  2143  2162 I VIDEO_LOG/TcVideoDownload: cache data dir = /storage/emulated/0/Android/data/com.tencent.mobileqq/qzone/video_cache/local
03-25 19:02:11.217  2143  2162 D @httpproxy_test: init
03-25 19:02:11.217  2143  2162 I VIDEO_LOG/TV_Httpproxy: TVDownloadProxy Version:V1.0.188.0004
03-25 19:02:11.221  2143  2162 I VIDEO_LOG/TV_Httpproxy: #LOG_INFO 2017-03-25 19:02:11.222[DownloadManager.cpp:85] [TVDownloadProxy_Init]dmInit dataDir:/storage/emulated/0/Android/data/com.tencent.mobileqq/qzone/video_cache/local, configStr:{"AdjustHttpBufferTimeFrameByMin":"20:00,24:00,40,20,6,0","LimitHttpBufferPlayTime":3,"LinkKeepAlive":1,"MaxBufferedLimitOnePlay":2,"MaxLimitHttpBufferTime":8,"MinLogLevel":0}, current proxy version:TVHttpproxy.1.0.0.0025
03-25 19:02:11.223  2143  2162 I VIDEO_LOG/TV_Httpproxy: #LOG_INFO 2017-03-25 19:02:11.224[DownloadManager.cpp:190] [TVDownloadProxy_Init]dmInit ok. LocalServer port:12698, init counter:1
03-25 19:02:11.223  2143  2162 I VIDEO_LOG/TcVideoDownload: init result = 0
03-25 19:02:11.224  2143  2162 I VIDEO_LOG/TV_Httpproxy: #LOG_INFO 2017-03-25 19:02:11.224[DownloadManager.cpp:765] [TVDownloadProxy_Set]dmSetMaxStorageSize maxSize_Byte:536870912B
03-25 19:02:11.224  2143  2162 I VIDEO_LOG/TV_Httpproxy: #LOG_INFO 2017-03-25 19:02:11.225[DownloadManager.cpp:715] [TVDownloadProxy_Set]dmSetMaxMemorySize maxSize_Byte:10485760B
03-25 19:02:11.224  2143  2162 I VIDEO_LOG/TV_Httpproxy: #LOG_INFO 2017-03-25 19:02:11.225[DownloadManager.cpp:1425] [TVDownloadProxy_Set]SetHttpLowSpeedParams:maxLowSpeedSeconds:8,minSpeedFactorBaseBitRate:20
03-25 19:02:11.225  2143  2162 I VIDEO_LOG/TcVideoDownload: setNetworkState isWifiOn= true
03-25 19:02:11.225  2143  2162 D @httpproxy_test: setNetWorkState1
03-25 19:02:11.225  2143  2162 I VIDEO_LOG/TV_Httpproxy: #LOG_INFO 2017-03-25 19:02:11.225[DownloadManager.cpp:1289] [TVDownloadProxy_Set]NetState change:WifiOn(1)
03-25 19:02:11.225  2143  2162 I VIDEO_LOG/TV_Httpproxy: #LOG_INFO 2017-03-25 19:02:11.225[DownloadManager.cpp:814] [TVDownloadProxy_Storage]dmResumeStorageIO counter:1
03-25 19:02:11.228  2143  2199 I VIDEO_LOG/TV_Httpproxy:  1 CGI:https://sec.video.qq.com/p/wxconf/getmfomat?platform=aphone&appver=V1.0.188.0004&player_channel_id=188&otype=json&ipflag=1&guid=123
03-25 19:02:11.228  2143  2162 I AdManager: init
03-25 19:02:11.229  2143  2162 I AdCookie: initCookie
03-25 19:02:11.230  2143  2199 I DpmTcmClient: RegisterTcmMonitor from: com.android.okhttp.TcmIdleTimerMonitor
03-25 19:02:11.270  2143  2186 W database: dbOptiSync=1
03-25 19:02:11.275  2143  2186 I DbCacheDatabase: [DB]1ed8a04d259b01a8d4976ce4faac4ef7  attach sessionId:146149607mAttachCount:1
03-25 19:02:11.286  2143  2199 I VIDEO_LOG/TV_Httpproxy: connect58{   "guid" : "123",   "httpproxy_config" : {      "AdjustHttpBufferTimeFrameByMin" : "20:00,24:00,40,20,6,0",      "LimitHttpBufferPlayTime" : 3,      "LinkKeepAlive" : 1,      "MaxBufferedLimitOnePlay" : 2,      "MaxLimitHttpBufferTime" : 8,      "MinLogLevel" : 0   },   "need_take_sample" : 0,   "player_confid" : 309,   "positon" : {      "city" : "",      "country" : "cn",      "isp" : "",      "province" : ""   }}
03-25 19:02:11.295  2143  2186 E QZLog   : PRAGMA synchronous=OFF executed
03-25 19:02:11.300  2143  2186 I PublishQueue: QzonePublishQueue.onRestore taskList size:0
03-25 19:02:11.341  4529  5094 W Settings: Setting airplane_mode_on has moved from android.provider.Settings.System to android.provider.Settings.Global, returning read-only value.
03-25 19:02:11.341  4529  5094 W beacon  : onUserAction return false, because eventName:[msf.sdk.event_bindCost] is not allowed in server strategy!
03-25 19:02:11.343  4529  5094 W Settings: Setting airplane_mode_on has moved from android.provider.Settings.System to android.provider.Settings.Global, returning read-only value.
03-25 19:02:11.344  4529  5094 W beacon  : onUserAction return false, because eventName:[dim.Msf.AppConnectFail] is not allowed in server strategy!
03-25 19:02:11.346  4529  5094 W Settings: Setting airplane_mode_on has moved from android.provider.Settings.System to android.provider.Settings.Global, returning read-only value.
03-25 19:02:11.346  4529  5094 W beacon  : onUserAction return false, because eventName:[dim.Msf.AppConnectFail] is not allowed in server strategy!
03-25 19:02:11.349  4529  5094 W Settings: Setting airplane_mode_on has moved from android.provider.Settings.System to android.provider.Settings.Global, returning read-only value.
03-25 19:02:11.350  4529  5094 W beacon  : onUserAction return false, because eventName:[msf.sdk.event_sendToServiceCost] is not allowed in server strategy!
03-25 19:02:11.352  4529  5094 W Settings: Setting airplane_mode_on has moved from android.provider.Settings.System to android.provider.Settings.Global, returning read-only value.
03-25 19:02:11.353  4529  5094 W beacon  : onUserAction return false, because eventName:[msf.sdk.event_sendToServiceCost] is not allowed in server strategy!
03-25 19:02:11.746  3725  3725 I PowerUtils: Device name:helium
03-25 19:02:11.749  3725  3725 I PowerUtils: Device name:helium
03-25 19:02:11.752  3725  3725 W BatteryChargeTimeHelper: Use max, leftChargeTime 3021774 maxChargeTime 1936000
03-25 19:02:11.772  1296  1296 V NotificationService: pkg=com.miui.securitycenter canInterrupt=false intercept=true
03-25 19:02:11.774  3725  3725 I PowerSaveService: Update connected notification, charging true
03-25 19:02:11.777  3324 18809 D StatusBar: onNotificationPosted:  Key: 0|com.miui.securitycenter|2131362604|null|1000 GroupKey: 0|com.miui.securitycenter|2131362604|null|1000 Connected: true
03-25 19:02:11.777  3324  3324 D StatusBar:  GroupChild: false  GroupsContainsKey: false  IsUpdate: true IsGroupSummary: false hasIcon: true
03-25 19:02:11.778  3324  3324 D PhoneStatusBar: updateNotification pkg=com.miui.securitycenter;id=2131362604
03-25 19:02:11.807  3324  3324 W ProgressBarDelegate: Unknown Drawable subclass, src=android.graphics.drawable.ScaleDrawable@64606dd
03-25 19:02:11.807  3324  3324 W ProgressBarDelegate: Unknown Drawable subclass, src=android.graphics.drawable.ScaleDrawable@dd67252
03-25 19:02:12.404  3725  3725 I PowerUtils: Device name:helium
03-25 19:02:12.407  3725  3725 I PowerUtils: Device name:helium
03-25 19:02:12.411  3725  3725 W BatteryChargeTimeHelper: Use max, leftChargeTime 3021774 maxChargeTime 1936000
03-25 19:02:12.421  1296  1296 V NotificationService: pkg=com.miui.securitycenter canInterrupt=false intercept=true
03-25 19:02:12.422  3725  3725 I PowerSaveService: Update connected notification, charging true
03-25 19:02:12.425  3324 20408 D StatusBar: onNotificationPosted:  Key: 0|com.miui.securitycenter|2131362604|null|1000 GroupKey: 0|com.miui.securitycenter|2131362604|null|1000 Connected: true
03-25 19:02:12.425  3324  3324 D StatusBar:  GroupChild: false  GroupsContainsKey: false  IsUpdate: true IsGroupSummary: false hasIcon: true
03-25 19:02:12.426  3324  3324 D PhoneStatusBar: updateNotification pkg=com.miui.securitycenter;id=2131362604
03-25 19:02:12.734 28615 28615 D wpa_supplicant: wlan0: Control interface command 'SIGNAL_POLL'
03-25 19:02:13.695  2143  2172 W beacon  : startQuery: query times or query success times arrive max, return!
03-25 19:02:14.085  2143  2162 D InitHook: NOT AVA
03-25 19:02:14.284  1009  1009 I MSM-irqbalance: Decided to move IRQ178 from CPU2 to CPU0
03-25 19:02:14.908  3324  3324 D StatusBar.NetworkController: onSignalStrengthsChanged received on slotId :0signalStrength=SignalStrength: 99 0 -120 -160 -120 -1 -1 20 -101 -8 148 2147483647 2147483647 gsm|lte level=5 cdmdlevel=0 evdolevel=0
03-25 19:02:15.453  2143  2162 D HotPatchTool: injectPatchDex clear start fail count.
03-25 19:02:15.458  2143  2162 D mqq     : a1.getUin() = *1164;key.time = 1489031607618, isLogined=true
03-25 19:02:15.458  2143  2162 D mqq     : a2.getUin() = *6045;key.time = 1490143756993, isLogined=true
03-25 19:02:15.458  2143  2162 D StatisticCollector: reportDexPatch curUin=793466045, event=actNvwaInstall, result=500, patchId=patch1_6.7.0.496.jar
03-25 19:02:15.752 28615 28615 D wpa_supplicant: wlan0: Control interface command 'SIGNAL_POLL'
03-25 19:02:16.217  4649  4803 D PowerCheckerService: rawUptime = 189565375000 us
03-25 19:02:16.217  4649  4803 D PowerCheckerService: rawRealtime = 316610982000 us
03-25 19:02:16.217  4649  4803 D PowerCheckerService: batteryUptime = 14265282000 us
03-25 19:02:16.217  4649  4803 D PowerCheckerService: batteryRealtime = 24437000000 us
03-25 19:02:16.217  4649  4803 D PowerCheckerService: whichBatteryUptime = 48000 us
03-25 19:02:16.217  4649  4803 D PowerCheckerService: whichBatteryRealtime = 47000 us
03-25 19:02:16.217  4649  4803 W PowerCheckerService: Time on battery is too short since last unlugged, skip this check
03-25 19:02:18.770 28615 28615 D wpa_supplicant: wlan0: Control interface command 'SIGNAL_POLL'
03-25 19:02:19.284  1009  1009 I MSM-irqbalance: Decided to move IRQ166 from CPU2 to CPU0
03-25 19:02:21.788 28615 28615 D wpa_supplicant: wlan0: Control interface command 'SIGNAL_POLL'
03-25 19:02:24.284  1009  1009 I MSM-irqbalance: Decided to move IRQ104 from CPU2 to CPU0
03-25 19:02:24.330  3324  3324 D StatusBar.NetworkController: onSignalStrengthsChanged received on slotId :0signalStrength=SignalStrength: 99 0 -120 -160 -120 -1 -1 20 -100 -7 174 2147483647 2147483647 gsm|lte level=5 cdmdlevel=0 evdolevel=0
03-25 19:02:24.805 28615 28615 D wpa_supplicant: wlan0: Control interface command 'SIGNAL_POLL'
03-25 19:02:26.060  2143  2162 I QZLog   : clear crash count with no crash
03-25 19:02:26.575  3324  3324 D StatusBar.NetworkController: onSignalStrengthsChanged received on slotId :0signalStrength=SignalStrength: 99 0 -120 -160 -120 -1 -1 22 -100 -11 68 2147483647 2147483647 gsm|lte level=5 cdmdlevel=0 evdolevel=0
03-25 19:02:27.822 28615 28615 D wpa_supplicant: wlan0: Control interface command 'SIGNAL_POLL'
03-25 19:02:28.562  3324  3324 D StatusBar.NetworkController: onSignalStrengthsChanged received on slotId :0signalStrength=SignalStrength: 99 0 -120 -160 -120 -1 -1 20 -100 -8 148 2147483647 2147483647 gsm|lte level=5 cdmdlevel=0 evdolevel=0
03-25 19:02:29.284  1009  1009 I MSM-irqbalance: Decided to move IRQ321 from CPU2 to CPU0
03-25 19:02:30.838 28615 28615 D wpa_supplicant: wlan0: Control interface command 'SIGNAL_POLL'
03-25 19:02:31.390  3324  3324 D StatusBar.NetworkController: onSignalStrengthsChanged received on slotId :0signalStrength=SignalStrength: 99 0 -120 -160 -120 -1 -1 20 -100 -7 166 2147483647 2147483647 gsm|lte level=5 cdmdlevel=0 evdolevel=0
03-25 19:02:33.857 28615 28615 D wpa_supplicant: wlan0: Control interface command 'SIGNAL_POLL'
03-25 19:02:34.284  1009  1009 I MSM-irqbalance: Decided to move IRQ155 from CPU2 to CPU0
03-25 19:02:34.806  3324  3324 D StatusBar.NetworkController: onSignalStrengthsChanged received on slotId :0signalStrength=SignalStrength: 99 0 -120 -160 -120 -1 -1 20 -100 -8 80 2147483647 2147483647 gsm|lte level=5 cdmdlevel=0 evdolevel=0
03-25 19:02:36.876 28615 28615 D wpa_supplicant: wlan0: Control interface command 'SIGNAL_POLL'
03-25 19:02:37.978  3324  3324 D StatusBar.NetworkController: onSignalStrengthsChanged received on slotId :0signalStrength=SignalStrength: 99 0 -120 -160 -120 -1 -1 20 -100 -7 170 2147483647 2147483647 gsm|lte level=5 cdmdlevel=0 evdolevel=0
03-25 19:02:39.894 28615 28615 D wpa_supplicant: wlan0: Control interface command 'SIGNAL_POLL'
03-25 19:02:40.650  3324  3324 D StatusBar.NetworkController: onSignalStrengthsChanged received on slotId :0signalStrength=SignalStrength: 99 0 -120 -160 -120 -1 -1 20 -100 -8 150 2147483647 2147483647 gsm|lte level=5 cdmdlevel=0 evdolevel=0
03-25 19:02:40.773  2143  2180 I native_eup: Java_com_tencent_feedback_eup_jni_NativeExceptionUpload_registNativeExceptionHandler2 start
03-25 19:02:40.774  2143  2180 I native_eup: JARJNIVERSION:1
03-25 19:02:40.774  2143  2180 I native_eup: found native exception upload!
03-25 19:02:40.774  2143  2180 I native_eup: found native exception handler!
03-25 19:02:40.774  2143  2180 I native_eup: regist handler start procType 1 , level 23 , tombDir:/data/user/0/com.tencent.mobileqq/app_tombs
03-25 19:02:40.774  2143  2180 I native_eup: registSignal start
03-25 19:02:40.774  2143  2180 I native_eup: registSignal end
03-25 19:02:40.774  2143  2180 I native_eup: regist handler end
03-25 19:02:40.774  2143  2180 I native_eup: Java_com_tencent_feedback_eup_jni_NativeExceptionUpload_registNativeExceptionHandler end
03-25 19:02:40.774  2143  2180 I native_eup: NativeRQDVersion:testbuildnum
03-25 19:02:40.774  2143  2180 I native_eup: Java_com_tencent_feedback_eup_jni_NativeExceptionUpload_registNativeExceptionHandler2 start
03-25 19:02:40.774  2143  2180 I native_eup: JARJNIVERSION:0
03-25 19:02:40.774  2143  2180 I native_eup: found native exception upload!
03-25 19:02:40.774  2143  2180 I native_eup: found native exception handler!
03-25 19:02:40.774  2143  2180 I native_eup: regist handler start procType 1 , level 23 , tombDir:/data/user/0/com.tencent.mobileqq/app_tombs
03-25 19:02:40.774  2143  2180 I native_eup: registSignal start
03-25 19:02:40.774  2143  2180 I native_eup: registSignal end
03-25 19:02:40.774  2143  2180 I native_eup: regist handler end
03-25 19:02:40.774  2143  2180 I native_eup: Java_com_tencent_feedback_eup_jni_NativeExceptionUpload_registNativeExceptionHandler end
03-25 19:02:40.774  2143  2180 I native_eup: NativeRQDVersion:testbuildnum
03-25 19:02:42.911 28615 28615 D wpa_supplicant: wlan0: Control interface command 'SIGNAL_POLL'
03-25 19:02:45.927 28615 28615 D wpa_supplicant: wlan0: Control interface command 'SIGNAL_POLL'
03-25 19:02:46.020   822   833 V MiCloudSyncStateObserver: sync status observer: 2
03-25 19:02:46.020   822   833 V MiCloudSyncStateObserver: notify change
03-25 19:02:46.024   822   822 V MiCloudSyncStateService: onEventMainThread: type: 1
03-25 19:02:46.030   822   832 V MiCloudSyncStateObserver: sync status observer: 2
03-25 19:02:46.030   822   832 V MiCloudSyncStateObserver: notify change
03-25 19:02:46.031   822   833 V MiCloudSyncStateObserver: sync status observer: 4
03-25 19:02:46.031   822   833 V MiCloudSyncStateObserver: notify change
03-25 19:02:46.035   822   822 V MiCloudSyncStateService: onEventMainThread: type: 1
03-25 19:02:46.036   822   822 V MiCloudSyncStateService: Sync state is being checked.
03-25 19:02:46.036   822   822 V MiCloudSyncStateService: onEventMainThread: type: 1
03-25 19:02:46.036   822   822 V MiCloudSyncStateService: Sync state is being checked.
03-25 19:02:46.039   822  2227 V MiCloudSyncStateTask: Authority: com.android.contacts, DirtyCount: 0, DirtyCountDependWifi: 0, SyncAutomatically: true, IsSyncable: true, SyncState: SYNCED.
03-25 19:02:46.043   822  2227 V MiCloudSyncStateTask: Authority: wifi, DirtyCount: 0, DirtyCountDependWifi: 0, SyncAutomatically: true, IsSyncable: true, SyncState: SYNCED.
03-25 19:02:46.043  1296  1501 I AutoStartManagerService: MIUILOG- Reject service :Intent { act=android.content.SyncAdapter cmp=com.tencent.qqpim/.apps.syncaccount.SyncService (has extras) } userId : 0 uid : 10130
03-25 19:02:46.043  1296  1501 E SyncManager: Bind attempt failed - target: ComponentInfo{com.tencent.qqpim/com.tencent.qqpim.apps.syncaccount.SyncService}
03-25 19:02:46.043   822   832 V MiCloudSyncStateObserver: sync status observer: 4
03-25 19:02:46.044   822   832 V MiCloudSyncStateObserver: notify change
03-25 19:02:46.044   822   822 V MiCloudSyncStateService: onEventMainThread: type: 1
03-25 19:02:46.044   822   822 V MiCloudSyncStateService: Sync state is being checked.
03-25 19:02:46.045   822  2227 V MiCloudSyncStateTask: Authority: com.miui.gallery.cloud.provider, DirtyCount: 0, DirtyCountDependWifi: 0, SyncAutomatically: false, IsSyncable: true, SyncState: SYNCED.
03-25 19:02:46.052   822  2227 V MiCloudSyncStateTask: Authority: notes, DirtyCount: 0, DirtyCountDependWifi: 0, SyncAutomatically: true, IsSyncable: true, SyncState: SYNCED.
03-25 19:02:46.072   822  2227 V MiCloudSyncStateTask: Authority: antispam, DirtyCount: 0, DirtyCountDependWifi: 0, SyncAutomatically: true, IsSyncable: true, SyncState: SYNCED.
03-25 19:02:46.089  1296  1296 V NotificationService: pkg=com.xiaomi.xmsf canInterrupt=false intercept=true
03-25 19:02:46.090   822  2227 V MiCloudSyncStateTask: Authority: records, DirtyCount: 0, DirtyCountDependWifi: 0, SyncAutomatically: true, IsSyncable: true, SyncState: SYNCED.
03-25 19:02:46.090  3485  3485 V SyncNotificationHandler: sendSyncingBroadcast: true
03-25 19:02:46.096  3324  7138 D StatusBar: onNotificationPosted:  Key: 0|com.xiaomi.xmsf|8|null|10082 GroupKey: 0|com.xiaomi.xmsf|8|null|10082 Connected: true
03-25 19:02:46.096  3324  3324 D StatusBar:  GroupChild: false  GroupsContainsKey: false  IsUpdate: false IsGroupSummary: false hasIcon: true
03-25 19:02:46.097  4649  4781 I InfoCollectManager: ACTION:android.intent.action.SYNC_STATE_CHANGED
03-25 19:02:46.097  3324  3324 D PhoneStatusBar: addNotification pkg=com.xiaomi.xmsf;basepkg=com.xiaomi.xmsf;id=8
03-25 19:02:46.097  4649  4781 I InfoCollectManager: mIsSyncActive:true
03-25 19:02:46.108  1296  3720 I ActivityManager: Start proc 2228:com.miui.gallery/u0a19 for content provider com.miui.gallery/.provider.GalleryProvider
03-25 19:02:46.109  4071  4381 D WtProcessController: onAMProcStart callback
03-25 19:02:46.111   822  2227 V MiCloudSyncStateTask: Authority: sms, DirtyCount: 0, DirtyCountDependWifi: 0, SyncAutomatically: true, IsSyncable: true, SyncState: SYNCED.
03-25 19:02:46.127  3324  3324 W ProgressBarDelegate: Unknown Drawable subclass, src=android.graphics.drawable.ScaleDrawable@bb1ae0
03-25 19:02:46.128  3324  3324 W ProgressBarDelegate: Unknown Drawable subclass, src=android.graphics.drawable.ScaleDrawable@b1ae199
03-25 19:02:46.128   822  2227 V MiCloudSyncStateTask: Authority: call_log, DirtyCount: 0, DirtyCountDependWifi: 0, SyncAutomatically: true, IsSyncable: true, SyncState: SYNCED.
03-25 19:02:46.132  3324  3324 W ResourceType: No known package when getting value for resource number 0xffffffff
03-25 19:02:46.132   822  2227 V MiCloudSyncStateTask: Authority: com.miui.browser, DirtyCount: 0, DirtyCountDependWifi: 0, SyncAutomatically: true, IsSyncable: true, SyncState: SYNCED.
03-25 19:02:46.133   822  2227 V MiCloudSyncStateTask: Authority: com.miui.player, DirtyCount: 0, DirtyCountDependWifi: 0, SyncAutomatically: false, IsSyncable: true, SyncState: SYNCED.
03-25 19:02:46.137   822  2227 V MiCloudSyncStateTask: Authority: com.android.calendar, DirtyCount: 0, DirtyCountDependWifi: 0, SyncAutomatically: true, IsSyncable: true, SyncState: SYNCED.
03-25 19:02:46.144  2228  2228 D TidaProvider: TidaProvider()
03-25 19:02:46.164  3324  3324 E Icon    : Unable to load resource 0xffffffff from pkg=com.xiaomi.xmsf
03-25 19:02:46.164  3324  3324 E Icon    : android.content.res.Resources$NotFoundException: Resource ID #0xffffffff
03-25 19:02:46.164  3324  3324 E Icon    : 	at android.content.res.Resources.getValue(Resources.java:1369)
03-25 19:02:46.164  3324  3324 E Icon    : 	at android.content.res.MiuiResources.getValue(MiuiResources.java:145)
03-25 19:02:46.164  3324  3324 E Icon    : 	at android.content.res.Resources.getDrawable(Resources.java:822)
03-25 19:02:46.164  3324  3324 E Icon    : 	at android.graphics.drawable.Icon.loadDrawableInner(Icon.java:313)
03-25 19:02:46.164  3324  3324 E Icon    : 	at android.graphics.drawable.Icon.loadDrawable(Icon.java:269)
03-25 19:02:46.164  3324  3324 E Icon    : 	at android.widget.ImageView.setImageIcon(ImageView.java:498)
03-25 19:02:46.164  3324  3324 E Icon    : 	at java.lang.reflect.Method.invoke(Native Method)
03-25 19:02:46.164  3324  3324 E Icon    : 	at android.widget.RemoteViews$ReflectionAction.apply(RemoteViews.java:1296)
03-25 19:02:46.164  3324  3324 E Icon    : 	at android.widget.RemoteViews.performApply(RemoteViews.java:2804)
03-25 19:02:46.164  3324  3324 E Icon    : 	at android.widget.RemoteViews.apply(RemoteViews.java:2764)
03-25 19:02:46.164  3324  3324 E Icon    : 	at com.android.systemui.statusbar.BaseStatusBar.inflateViews(BaseStatusBar.java:630)
03-25 19:02:46.164  3324  3324 E Icon    : 	at com.android.systemui.statusbar.BaseStatusBar.addNotificationViews(BaseStatusBar.java:1007)
03-25 19:02:46.164  3324  3324 E Icon    : 	at com.android.systemui.statusbar.phone.PhoneStatusBar.addNotification(PhoneStatusBar.java:1819)
03-25 19:02:46.164  3324  3324 E Icon    : 	at com.android.systemui.statusbar.CommandQueue$H.handleMessage(CommandQueue.java:432)
03-25 19:02:46.164  3324  3324 E Icon    : 	at android.os.Handler.dispatchMessage(Handler.java:102)
03-25 19:02:46.164  3324  3324 E Icon    : 	at android.os.Looper.loop(Looper.java:148)
03-25 19:02:46.164  3324  3324 E Icon    : 	at android.app.ActivityThread.main(ActivityThread.java:5442)
03-25 19:02:46.164  3324  3324 E Icon    : 	at java.lang.reflect.Method.invoke(Native Method)
03-25 19:02:46.164  3324  3324 E Icon    : 	at com.android.internal.os.ZygoteInit$MethodAndArgsCaller.run(ZygoteInit.java:738)
03-25 19:02:46.164  3324  3324 E Icon    : 	at com.android.internal.os.ZygoteInit.main(ZygoteInit.java:628)
03-25 19:02:46.213   822   822 V MiCloudSyncStateService: onEventMainThread: type: 2
03-25 19:02:46.213   822   822 V MiCloudSyncStateProviderHelper: REMOVED: setSyncState: SYNCED_WITH_OFF
03-25 19:02:46.213   822   822 V MiCloudSyncStateStat: statSyncState: SYNCED_WITH_OFF
03-25 19:02:46.213   822   822 D StatHelper: recordCountEvent(): category:category_sync, key:key_sync_state_result, params:{param_sync_state=SYNCED_WITH_OFF}
03-25 19:02:46.219   822   822 V MiCloudNotificationHelper: cancelNotification: name: MiCloudAlertMasterNotification
03-25 19:02:46.219   822   822 V MiCloudNotificationHelper: cancelNotification: name: MiCloudAlertSubNotification
03-25 19:02:46.219   822   822 V MiCloudNotificationHelper: cancelNotification: name: MiCloudMasterDependWifiNotification
03-25 19:02:46.220   822   822 V MiCloudNotificationHelper: cancelNotification: name: MiCloudDependWifiNotification
03-25 19:02:46.220   822   822 V MiCloudNotificationHelper: cancelNotification: name: MiCloudMasterDependWifiNotification
03-25 19:02:46.220   822   822 V MiCloudNotificationHelper: cancelNotification: name: MiCloudBatteryLowNotification
03-25 19:02:46.220   822   822 V MiCloudNotificationHelper: cancelNotification: name: MiCloudMemoryLowNotification
03-25 19:02:46.220   822   822 V MiCloudNotificationHelper: cancelNotification: name: MiCloudMultiUserErrorNotification
03-25 19:02:46.220   822   822 V MiCloudSyncStateNotificationHelper: pendingSyncStateNotification
03-25 19:02:46.220   822   822 V MiCloudSyncStateNotificationHelper: SyncState: SYNCED_WITH_OFF
03-25 19:02:46.220   822   822 V MiCloudSyncProgressHelper: setShowSyncProgress: updateSyncProgress
03-25 19:02:46.220   822   822 V MiCloudSyncProgressHelper: Did not set show progress
03-25 19:02:46.220   822   822 V MiCloudSyncStateService: callbackSyncState: SYNCED_WITH_OFF
03-25 19:02:46.220   822   822 V MiCloudSyncStateService: callbackSyncState: 0
03-25 19:02:46.220   822   822 V MiCloudSyncStateObserver: notify change
03-25 19:02:46.220   822   822 V MiCloudSyncStateService: onEventMainThread: type: 1
03-25 19:02:46.220   822   822 V MiCloudSyncStateService: Sync state is being checked.
03-25 19:02:46.299  2228  2228 D miuisdk : current sdk level is 10
03-25 19:02:46.304  2228  2228 I         : ARTPROXY OFFSET: method_entry_offset = 48
03-25 19:02:46.304  2228  2228 I         : ARTPROXY OFFSET: method_interpreter_entry_offset = 32
03-25 19:02:46.304  2228  2228 I         : ARTPROXY OFFSET: managed_stack_size = 24
03-25 19:02:46.304  2228  2228 I         : ARTPROXY OFFSET: thread_deliver_exception_entry_offset = 1088
03-25 19:02:46.304  2228  2228 I         : ARTPROXY OFFSET: thread_exception_offset = 136
03-25 19:02:46.304  2228  2228 I         : ARTPROXY OFFSET: method_code_size_offset = 4
03-25 19:02:46.344  3324  3324 W SystemUI.toggleContainer: view is null:null null null
03-25 19:02:46.633  3485  3485 V SyncNotificationHandler: result:false
03-25 19:02:46.637  3485  3485 V SyncNotificationHandler: sendSyncingBroadcast: false
03-25 19:02:46.640  3324  4549 D StatusBar: onNotificationRemoved:  Key: 0|com.xiaomi.xmsf|8|null|10082
03-25 19:02:46.641  4649  4781 I InfoCollectManager: ACTION:android.intent.action.SYNC_STATE_CHANGED
03-25 19:02:46.641  4649  4781 I InfoCollectManager: mIsSyncActive:false
03-25 19:02:46.643  1296  4136 I ActivityManager: Killing 1222:com.android.providers.calendar/u0a4 (adj 15): empty #17
03-25 19:02:46.643  3324  3324 D PhoneStatusBar: removeNotification key=android.os.Binder@cd5cd4f keyCode=215338319 old=StatusBarNotification(pkg=com.xiaomi.xmsf user=UserHandle{0} id=8 tag=null score=0 key=0|com.xiaomi.xmsf|8|null|10082: Notification(pri=0 contentView=com.xiaomi.xmsf/0x1090091 vibrate=null sound=null defaults=0x0 flags=0x2 color=0x00000000 vis=PRIVATE))
03-25 19:02:46.662  1296  3401 D ActivityManagerInjector: com.android.providers.calendar is killed by AMS with adj 15 ,do not allow restart
03-25 19:02:46.662  1296  3401 D ActivityManager: cleanUpApplicationRecord -- 1222
03-25 19:02:46.975  2228  2251 I miuisdk : loading module: com.miui.gallery.extra.videoeditor.v1000
03-25 19:02:47.375  4071  4098 W CloudControlInfo: Size of HttpRequest parcel:628
03-25 19:02:47.430  1881  2253 W ActivityThread: ClassLoader.loadClass: The class loader returned by Thread.getContextClassLoader() may fail for processes that host multiple applications. You should explicitly specify a context class loader. For example: Thread.setContextClassLoader(getClass().getClassLoader());
03-25 19:02:47.455  4611  4767 I XiaomiFirewall: firewall pkgName:com.miui.personalassistant, result:0x0
03-25 19:02:47.671  2228  2251 D miuisdk : process com.miui.gallery.extra.videoeditor.v1000 successful
03-25 19:02:47.671  2228  2251 D miuisdk : process modules finished
03-25 19:02:48.947 28615 28615 D wpa_supplicant: wlan0: Control interface command 'SIGNAL_POLL'
03-25 19:02:49.284  1009  1009 I MSM-irqbalance: Decided to move IRQ177 from CPU0 to CPU2
03-25 19:02:50.217  3324  3324 D StatusBar.NetworkController: onSignalStrengthsChanged received on slotId :0signalStrength=SignalStrength: 99 0 -120 -160 -120 -1 -1 22 -100 -11 102 2147483647 2147483647 gsm|lte level=5 cdmdlevel=0 evdolevel=0
03-25 19:02:51.965 28615 28615 D wpa_supplicant: wlan0: Control interface command 'SIGNAL_POLL'
